| DisallowedBlockCipherTest.go:22:16:22:48 | call to NewCBCDecrypter | Detected NewCBCDecrypter from crypto/cipher is a disallowed block cipher |
| DisallowedBlockCipherTest.go:23:16:23:48 | call to NewCBCEncrypter | Detected NewCBCEncrypter from crypto/cipher is a disallowed block cipher |
| DisallowedBlockCipherTest.go:26:16:26:41 | call to NewECBEncrypter | Detected NewECBEncrypter from test/DisallowedBlockCipher is a disallowed block cipher |
| DisallowedBlockCipherTest.go:27:19:27:44 | call to NewECBDecrypter | Detected NewECBDecrypter from test/DisallowedBlockCipher is a disallowed block cipher |
| DisallowedBlockCipherTest.go:28:17:28:39 | call to ECBDecrypter | Detected ECBDecrypter from test/DisallowedBlockCipher is a disallowed block cipher |
| DisallowedBlockCipherTest.go:29:23:29:36 | call to ECB | Detected ECB from test/DisallowedBlockCipher is a disallowed block cipher |
