| GoImportLibraryCheckTest.go:5:2:5:13 | import specifier | Possible crypto import: crypto/aes |
| GoImportLibraryCheckTest.go:6:2:6:13 | import specifier | Possible crypto import: crypto/rsa |
| GoImportLibraryCheckTest.go:7:2:7:13 | import specifier | Possible crypto import: crypto/des |
| GoImportLibraryCheckTest.go:8:2:8:13 | import specifier | Possible crypto import: crypto/md5 |
| GoImportLibraryCheckTest.go:9:2:9:13 | import specifier | Possible crypto import: crypto/rc4 |
| GoImportLibraryCheckTest.go:12:2:12:16 | import specifier | Possible crypto import: crypto/sha256 |
| GoImportLibraryCheckTest.go:13:2:13:13 | import specifier | Possible crypto import: crypto/tls |
| GoImportLibraryCheckTest.go:14:2:14:14 | import specifier | Possible crypto import: crypto/rand |
| GoImportLibraryCheckTest.go:15:2:15:29 | import specifier | Possible crypto import: golang.org/x/crypto/bcrypt |
| GoImportLibraryCheckTest.go:16:2:16:27 | import specifier | Possible crypto import: golang.org/x/crypto/hkdf |
| GoImportLibraryCheckTest.go:17:2:17:43 | import specifier | Possible crypto import: github.com/Luzifer/go-openssl/v4 |
| GoImportLibraryCheckTest.go:18:2:18:44 | import specifier | Possible crypto import: github.com/spacemonkeygo/openssl |
