| DisallowedAESKeySizeTest.go:8:16:8:40 | type conversion | The size of this AES key should be at least 16 bytes (128 bits) |
| DisallowedAESKeySizeTest.go:11:16:11:40 | type conversion | The size of this AES key should be at least 16 bytes (128 bits) |
| DisallowedAESKeySizeTest.go:14:16:14:40 | type conversion | The size of this AES key should be at least 16 bytes (128 bits) |
