| DisallowedAESKeySizeTest.go:8:16:8:40 | type conversion | Detected AES key from DisallowedAESKeySize/DisallowedAESKeySizeTest.go where the size of this key should be at least 16 bytes (128 bits) |
| DisallowedAESKeySizeTest.go:11:16:11:40 | type conversion | Detected AES key from DisallowedAESKeySize/DisallowedAESKeySizeTest.go where the size of this key should be at least 16 bytes (128 bits) |
| DisallowedAESKeySizeTest.go:14:16:14:40 | type conversion | Detected AES key from DisallowedAESKeySize/DisallowedAESKeySizeTest.go where the size of this key should be at least 16 bytes (128 bits) |
